Archive member included because of file (symbol)

C:\Freescale\KSDK_1.3.0\lib\ksdk_platform_lib\kds\KL46Z4\debug\libksdk_platform.a(fsl_lpsci_hal.o)
                              ./board/src/board.o (LPSCI_HAL_SetBaudRate)
C:\Freescale\KSDK_1.3.0\lib\ksdk_platform_lib\kds\KL46Z4\debug\libksdk_platform.a(fsl_i2c_hal.o)
                              ./board/src/board.o (I2C_HAL_Init)
C:\Freescale\KSDK_1.3.0\lib\ksdk_platform_lib\kds\KL46Z4\debug\libksdk_platform.a(fsl_gpio_hal.o)
                              ./board/src/board.o (GPIO_HAL_SetPinDir)
c:/freescale/kds_v3/toolchain/bin/../lib/gcc/arm-none-eabi/4.8.4/armv6-m\libgcc.a(_udivsi3.o)
                              ./Project_Settings/Startup_Code/system_MKL46Z4.o (__aeabi_uidiv)
c:/freescale/kds_v3/toolchain/bin/../lib/gcc/arm-none-eabi/4.8.4/armv6-m\libgcc.a(_dvmd_tls.o)
                              c:/freescale/kds_v3/toolchain/bin/../lib/gcc/arm-none-eabi/4.8.4/armv6-m\libgcc.a(_udivsi3.o) (__aeabi_idiv0)
c:/freescale/kds_v3/toolchain/bin/../lib/gcc/arm-none-eabi/4.8.4/../../../../arm-none-eabi/lib/armv6-m\libg_s.a(lib_a-assert.o)
                              ./board/src/board.o (__assert_func)
c:/freescale/kds_v3/toolchain/bin/../lib/gcc/arm-none-eabi/4.8.4/../../../../arm-none-eabi/lib/armv6-m\libg_s.a(lib_a-exit.o)
                              c:/freescale/kds_v3/toolchain/bin/../lib/gcc/arm-none-eabi/4.8.4/../../../../arm-none-eabi/lib/armv6-m/crt0.o (exit)
c:/freescale/kds_v3/toolchain/bin/../lib/gcc/arm-none-eabi/4.8.4/../../../../arm-none-eabi/lib/armv6-m\libg_s.a(lib_a-fprintf.o)
                              c:/freescale/kds_v3/toolchain/bin/../lib/gcc/arm-none-eabi/4.8.4/../../../../arm-none-eabi/lib/armv6-m\libg_s.a(lib_a-assert.o) (fiprintf)
c:/freescale/kds_v3/toolchain/bin/../lib/gcc/arm-none-eabi/4.8.4/../../../../arm-none-eabi/lib/armv6-m\libg_s.a(lib_a-impure.o)
                              c:/freescale/kds_v3/toolchain/bin/../lib/gcc/arm-none-eabi/4.8.4/../../../../arm-none-eabi/lib/armv6-m\libg_s.a(lib_a-exit.o) (_global_impure_ptr)
c:/freescale/kds_v3/toolchain/bin/../lib/gcc/arm-none-eabi/4.8.4/../../../../arm-none-eabi/lib/armv6-m\libg_s.a(lib_a-init.o)
                              c:/freescale/kds_v3/toolchain/bin/../lib/gcc/arm-none-eabi/4.8.4/../../../../arm-none-eabi/lib/armv6-m/crt0.o (__libc_init_array)
c:/freescale/kds_v3/toolchain/bin/../lib/gcc/arm-none-eabi/4.8.4/../../../../arm-none-eabi/lib/armv6-m\libg_s.a(lib_a-memset.o)
                              c:/freescale/kds_v3/toolchain/bin/../lib/gcc/arm-none-eabi/4.8.4/../../../../arm-none-eabi/lib/armv6-m/crt0.o (memset)
c:/freescale/kds_v3/toolchain/bin/../lib/gcc/arm-none-eabi/4.8.4/../../../../arm-none-eabi/lib/armv6-m\libg_s.a(lib_a-sprintf.o)
                              ./Sources/main.o (sprintf)
c:/freescale/kds_v3/toolchain/bin/../lib/gcc/arm-none-eabi/4.8.4/../../../../arm-none-eabi/lib/armv6-m\libg_s.a(lib_a-strlen.o)
                              ./Sources/main.o (strlen)
c:/freescale/kds_v3/toolchain/bin/../lib/gcc/arm-none-eabi/4.8.4/../../../../arm-none-eabi/lib/armv6-m\libg_s.a(lib_a-svfprintf.o)
                              c:/freescale/kds_v3/toolchain/bin/../lib/gcc/arm-none-eabi/4.8.4/../../../../arm-none-eabi/lib/armv6-m\libg_s.a(lib_a-sprintf.o) (_svfprintf_r)
c:/freescale/kds_v3/toolchain/bin/../lib/gcc/arm-none-eabi/4.8.4/../../../../arm-none-eabi/lib/armv6-m\libg_s.a(lib_a-vfprintf.o)
                              c:/freescale/kds_v3/toolchain/bin/../lib/gcc/arm-none-eabi/4.8.4/../../../../arm-none-eabi/lib/armv6-m\libg_s.a(lib_a-fprintf.o) (_vfprintf_r)
c:/freescale/kds_v3/toolchain/bin/../lib/gcc/arm-none-eabi/4.8.4/../../../../arm-none-eabi/lib/armv6-m\libg_s.a(lib_a-vfprintf_i.o)
                              c:/freescale/kds_v3/toolchain/bin/../lib/gcc/arm-none-eabi/4.8.4/../../../../arm-none-eabi/lib/armv6-m\libg_s.a(lib_a-svfprintf.o) (_printf_i)
c:/freescale/kds_v3/toolchain/bin/../lib/gcc/arm-none-eabi/4.8.4/../../../../arm-none-eabi/lib/armv6-m\libg_s.a(lib_a-wbuf.o)
                              c:/freescale/kds_v3/toolchain/bin/../lib/gcc/arm-none-eabi/4.8.4/../../../../arm-none-eabi/lib/armv6-m\libg_s.a(lib_a-vfprintf.o) (__swbuf_r)
c:/freescale/kds_v3/toolchain/bin/../lib/gcc/arm-none-eabi/4.8.4/../../../../arm-none-eabi/lib/armv6-m\libg_s.a(lib_a-wsetup.o)
                              c:/freescale/kds_v3/toolchain/bin/../lib/gcc/arm-none-eabi/4.8.4/../../../../arm-none-eabi/lib/armv6-m\libg_s.a(lib_a-vfprintf.o) (__swsetup_r)
c:/freescale/kds_v3/toolchain/bin/../lib/gcc/arm-none-eabi/4.8.4/../../../../arm-none-eabi/lib/armv6-m\libg_s.a(lib_a-abort.o)
                              c:/freescale/kds_v3/toolchain/bin/../lib/gcc/arm-none-eabi/4.8.4/../../../../arm-none-eabi/lib/armv6-m\libg_s.a(lib_a-assert.o) (abort)
c:/freescale/kds_v3/toolchain/bin/../lib/gcc/arm-none-eabi/4.8.4/../../../../arm-none-eabi/lib/armv6-m\libg_s.a(lib_a-fflush.o)
[...]
Memory Configuration

Name             Origin             Length             Attributes
m_interrupts     0x00000000         0x00000100         xr
m_flash_config   0x00000400         0x00000010         xr
m_text           0x00000410         0x0003fbf0         xr
m_data           0x1fffe000         0x00008000         rw
*default*        0x00000000         0xffffffff

Linker script and memory map

LOAD c:/freescale/kds_v3/toolchain/bin/../lib/gcc/arm-none-eabi/4.8.4/armv6-m/crti.o
LOAD c:/freescale/kds_v3/toolchain/bin/../lib/gcc/arm-none-eabi/4.8.4/armv6-m/crtbegin.o
LOAD c:/freescale/kds_v3/toolchain/bin/../lib/gcc/arm-none-eabi/4.8.4/../../../../arm-none-eabi/lib/armv6-m/crt0.o
LOAD ./board/src/board.o
LOAD ./board/src/mma8451.o
LOAD ./Sources/main.o
LOAD ./Project_Settings/Startup_Code/startup.o
LOAD ./Project_Settings/Startup_Code/startup_MKL46Z4.o
LOAD ./Project_Settings/Startup_Code/system_MKL46Z4.o
LOAD C:\Freescale\KSDK_1.3.0\lib\ksdk_platform_lib\kds\KL46Z4\debug\libksdk_platform.a
LOAD c:/freescale/kds_v3/toolchain/bin/../lib/gcc/arm-none-eabi/4.8.4/../../../../arm-none-eabi/lib/armv6-m\libstdc++_s.a
LOAD c:/freescale/kds_v3/toolchain/bin/../lib/gcc/arm-none-eabi/4.8.4/../../../../arm-none-eabi/lib/armv6-m\libm.a
START GROUP
LOAD c:/freescale/kds_v3/toolchain/bin/../lib/gcc/arm-none-eabi/4.8.4/armv6-m\libgcc.a
LOAD c:/freescale/kds_v3/toolchain/bin/../lib/gcc/arm-none-eabi/4.8.4/../../../../arm-none-eabi/lib/armv6-m\libg_s.a
LOAD c:/freescale/kds_v3/toolchain/bin/../lib/gcc/arm-none-eabi/4.8.4/../../../../arm-none-eabi/lib/armv6-m\libc_s.a
END GROUP
START GROUP
LOAD c:/freescale/kds_v3/toolchain/bin/../lib/gcc/arm-none-eabi/4.8.4/armv6-m\libgcc.a
LOAD c:/freescale/kds_v3/toolchain/bin/../lib/gcc/arm-none-eabi/4.8.4/../../../../arm-none-eabi/lib/armv6-m\libc_s.a
LOAD c:/freescale/kds_v3/toolchain/bin/../lib/gcc/arm-none-eabi/4.8.4/../../../../arm-none-eabi/lib/armv6-m\libnosys.a
END GROUP
START GROUP
LOAD c:/freescale/kds_v3/toolchain/bin/../lib/gcc/arm-none-eabi/4.8.4/armv6-m\libgcc.a
LOAD c:/freescale/kds_v3/toolchain/bin/../lib/gcc/arm-none-eabi/4.8.4/../../../../arm-none-eabi/lib/armv6-m\libc_s.a
LOAD c:/freescale/kds_v3/toolchain/bin/../lib/gcc/arm-none-eabi/4.8.4/../../../../arm-none-eabi/lib/armv6-m\libnosys.a
END GROUP
LOAD c:/freescale/kds_v3/toolchain/bin/../lib/gcc/arm-none-eabi/4.8.4/armv6-m/crtend.o
LOAD c:/freescale/kds_v3/toolchain/bin/../lib/gcc/arm-none-eabi/4.8.4/armv6-m/crtn.o
                0x00000400                HEAP_SIZE = DEFINED (__heap_size__)?__heap_size__:0x400
                0x00000400                STACK_SIZE = DEFINED (__stack_size__)?__stack_size__:0x400
                0x00000000                M_VECTOR_RAM_SIZE = DEFINED (__ram_vector_table__)?0x100:0x0

.interrupts     0x00000000       0xc0
                0x00000000                __VECTOR_TABLE = .
                0x00000000                . = ALIGN (0x4)
 *(.isr_vector)
 .isr_vector    0x00000000       0xc0 ./Project_Settings/Startup_Code/startup_MKL46Z4.o
                0x00000000                __isr_vector
                0x000000c0                . = ALIGN (0x4)

.flash_config   0x00000400       0x10
                0x00000400                . = ALIGN (0x4)
 *(.FlashConfig)
 .FlashConfig   0x00000400       0x10 ./Project_Settings/Startup_Code/startup_MKL46Z4.o
                0x00000410                . = ALIGN (0x4)

.text           0x00000410     0x2e50
                0x00000410                . = ALIGN (0x4)
 *(.text)
 .text          0x00000410       0x60 c:/freescale/kds_v3/toolchain/bin/../lib/gcc/arm-none-eabi/4.8.4/armv6-m/crtbegin.o
 .text          0x00000470       0x78 c:/freescale/kds_v3/toolchain/bin/../lib/gcc/arm-none-eabi/4.8.4/../../../../arm-none-eabi/lib/armv6-m/crt0.o
                0x00000470                _start
                0x00000470                _mainCRTStartup
 .text          0x000004e8       0x18 ./Project_Settings/Startup_Code/startup_MKL46Z4.o
                0x000004e8                Reset_Handler
                0x000004f8                HardFault_Handler
                0x000004f8                SysTick_Handler
                0x000004f8                PendSV_Handler
                0x000004f8                NMI_Handler
                0x000004f8                PORTC_PORTD_IRQHandler
                0x000004f8                I2C1_IRQHandler
                0x000004f8                UART1_IRQHandler
                0x000004f8                DMA2_IRQHandler
                0x000004f8                TPM0_IRQHandler
                0x000004f8                I2S0_IRQHandler
                0x000004f8                LLWU_IRQHandler
                0x000004f8                TSI0_IRQHandler
                0x000004f8                ADC0_IRQHandler
                0x000004f8                SPI1_IRQHandler
                0x000004f8                DefaultISR
                0x000004f8                TPM2_IRQHandler
                0x000004f8                RTC_IRQHandler
                0x000004f8                I2C0_IRQHandler
                0x000004f8                LCD_IRQHandler
                0x000004f8                RTC_Seconds_IRQHandler
                0x000004f8                MCG_IRQHandler
                0x000004f8                UART2_IRQHandler
                0x000004f8                Reserved20_IRQHandler
                0x000004f8                USB0_IRQHandler
                0x000004f8                SVC_Handler
                0x000004f8                DMA3_IRQHandler
                0x000004f8                DMA0_IRQHandler
                0x000004f8                DAC0_IRQHandler
                0x000004f8                TPM1_IRQHandler
                0x000004f8                LVD_LVW_IRQHandler
                0x000004f8                SPI0_IRQHandler
                0x000004f8                PORTA_IRQHandler
                0x000004f8                FTFA_IRQHandler
                0x000004f8                LPTMR0_IRQHandler
                0x000004f8                CMP0_IRQHandler
                0x000004f8                DMA1_IRQHandler
 .text          0x00000500       0x9c c:/freescale/kds_v3/toolchain/bin/../lib/gcc/arm-none-eabi/4.8.4/armv6-m\libgcc.a(_udivsi3.o)
                0x00000500                __aeabi_uidiv
                0x00000500                __udivsi3
                0x00000588                __aeabi_uidivmod
 .text          0x0000059c        0x4 c:/freescale/kds_v3/toolchain/bin/../lib/gcc/arm-none-eabi/4.8.4/armv6-m\libgcc.a(_dvmd_tls.o)
                0x0000059c                __aeabi_idiv0
                0x0000059c                __aeabi_ldiv0
 *(.text*)
 .text.PORT_HAL_SetPullMode
                0x000005a0       0x48 ./board/src/board.o
 .text.PORT_HAL_SetPullCmd
                0x000005e8       0x4c ./board/src/board.o
 .text.PORT_HAL_SetMuxMode
                0x00000634       0x4c ./board/src/board.o
 .text.GPIO_HAL_SetPinOutput
                0x00000680       0x3c ./board/src/board.o
 .text.SIM_HAL_EnableClock
                0x000006bc       0x58 ./board/src/board.o
 .text.CLOCK_HAL_SetLpsciSrc
                0x00000714       0x30 ./board/src/board.o
 .text.I2C_HAL_Enable
                0x00000744       0x1c ./board/src/board.o
 .text.LPSCI_HAL_SetBitCountPerChar
                0x00000760       0x28 ./board/src/board.o
 .text.LPSCI_HAL_SetStopBitCount
                0x00000788       0x28 ./board/src/board.o
 .text.board_init
                0x000007b0      0x19c ./board/src/board.o
                0x000007b0                board_init
 .text.ledRojo_off
                0x0000094c       0x18 ./board/src/board.o
                0x0000094c                ledRojo_off
 .text.ledVerde_off
                0x00000964       0x18 ./board/src/board.o
                0x00000964                ledVerde_off
 .text.mma8451_read_reg
                0x0000097c       0x38 ./board/src/mma8451.o
 .text.mma8451_write_reg
                0x000009b4       0x34 ./board/src/mma8451.o
                0x000009b4                mma8451_write_reg
 .text.pause    0x000009e8       0x28 ./board/src/mma8451.o
 .text.mma8451_init
                0x00000a10       0x14 ./board/src/mma8451.o
                0x00000a10                mma8451_init
 .text.iAcclReadX
                0x00000a24       0x70 ./board/src/mma8451.o
                0x00000a24                iAcclReadX
 .text.iAcclReadY
                0x00000a94       0x70 ./board/src/mma8451.o
                0x00000a94                iAcclReadY
 .text.iAcclReadZ
                0x00000b04       0x70 ./board/src/mma8451.o
                0x00000b04                iAcclReadZ
 .text.NVIC_EnableIRQ
                0x00000b74       0x2c ./Sources/main.o
 .text.NVIC_ClearPendingIRQ
                0x00000ba0       0x2c ./Sources/main.o
 .text.LPSCI_HAL_EnableTransmitter
                0x00000bcc       0x1c ./Sources/main.o
 .text.LPSCI_HAL_EnableReceiver
                0x00000be8       0x1c ./Sources/main.o
 .text.LPSCI_HAL_Getchar
                0x00000c04       0x1c ./Sources/main.o
 .text.SIM_HAL_EnableClock
                0x00000c20       0x58 ./Sources/main.o
 .text.PIT_HAL_Enable
                0x00000c78       0x1c ./Sources/main.o
 .text.PIT_HAL_SetTimerRunInDebugCmd
                0x00000c94       0x28 ./Sources/main.o
 .text.PIT_HAL_StartTimer
                0x00000cbc       0x48 ./Sources/main.o
 .text.PIT_HAL_SetTimerPeriodByCount
                0x00000d04       0x40 ./Sources/main.o
 .text.PIT_HAL_SetIntCmd
                0x00000d44       0x50 ./Sources/main.o
 .text.PIT_HAL_ClearIntFlag
                0x00000d94       0x44 ./Sources/main.o
 .text.main     0x00000dd8       0xfc ./Sources/main.o
                0x00000dd8                main
 .text.UART_Init
                0x00000ed4       0x2c ./Sources/main.o
                0x00000ed4                UART_Init
 .text.PIT_Init
                0x00000f00       0x54 ./Sources/main.o
                0x00000f00                PIT_Init
 .text.UART0_IRQHandler
                0x00000f54       0x5c ./Sources/main.o
                0x00000f54                UART0_IRQHandler
 .text.PIT_IRQHandler
                0x00000fb0       0x20 ./Sources/main.o
                0x00000fb0                PIT_IRQHandler
 .text.init_data_bss
                0x00000fd0       0xc8 ./Project_Settings/Startup_Code/startup.o
                0x00000fd0                init_data_bss
 .text.SystemInit
                0x00001098       0x18 ./Project_Settings/Startup_Code/system_MKL46Z4.o
                0x00001098                SystemInit
 .text.LPSCI_HAL_Putchar
                0x000010b0       0x1c C:\Freescale\KSDK_1.3.0\lib\ksdk_platform_lib\kds\KL46Z4\debug\libksdk_platform.a(fsl_lpsci_hal.o)
 .text.LPSCI_HAL_SetBaudRate
                0x000010cc      0x14c C:\Freescale\KSDK_1.3.0\lib\ksdk_platform_lib\kds\KL46Z4\debug\libksdk_platform.a(fsl_lpsci_hal.o)
                0x000010cc                LPSCI_HAL_SetBaudRate
 .text.LPSCI_HAL_SetParityMode
                0x00001218       0x40 C:\Freescale\KSDK_1.3.0\lib\ksdk_platform_lib\kds\KL46Z4\debug\libksdk_platform.a(fsl_lpsci_hal.o)
                0x00001218                LPSCI_HAL_SetParityMode
 .text.LPSCI_HAL_SendDataPolling
                0x00001258       0x44 C:\Freescale\KSDK_1.3.0\lib\ksdk_platform_lib\kds\KL46Z4\debug\libksdk_platform.a(fsl_lpsci_hal.o)
                0x00001258                LPSCI_HAL_SendDataPolling
 .text.LPSCI_HAL_SetIntMode
                0x0000129c       0xd4 C:\Freescale\KSDK_1.3.0\lib\ksdk_platform_lib\kds\KL46Z4\debug\libksdk_platform.a(fsl_lpsci_hal.o)
                0x0000129c                LPSCI_HAL_SetIntMode
 .text.LPSCI_HAL_ClearStatusFlag
                0x00001370       0xb8 C:\Freescale\KSDK_1.3.0\lib\ksdk_platform_lib\kds\KL46Z4\debug\libksdk_platform.a(fsl_lpsci_hal.o)
                0x00001370                LPSCI_HAL_ClearStatusFlag
 .text.I2C_HAL_SendAck
                0x00001428       0x1c C:\Freescale\KSDK_1.3.0\lib\ksdk_platform_lib\kds\KL46Z4\debug\libksdk_platform.a(fsl_i2c_hal.o)
 .text.I2C_HAL_SendNak
                0x00001444       0x1c C:\Freescale\KSDK_1.3.0\lib\ksdk_platform_lib\kds\KL46Z4\debug\libksdk_platform.a(fsl_i2c_hal.o)
 .text.I2C_HAL_SetDirMode
                0x00001460       0x28 C:\Freescale\KSDK_1.3.0\lib\ksdk_platform_lib\kds\KL46Z4\debug\libksdk_platform.a(fsl_i2c_hal.o)
 .text.I2C_HAL_ReadByte
                0x00001488       0x18 C:\Freescale\KSDK_1.3.0\lib\ksdk_platform_lib\kds\KL46Z4\debug\libksdk_platform.a(fsl_i2c_hal.o)
 .text.I2C_HAL_GetStatusFlag
                0x000014a0       0x34 C:\Freescale\KSDK_1.3.0\lib\ksdk_platform_lib\kds\KL46Z4\debug\libksdk_platform.a(fsl_i2c_hal.o)
 .text.I2C_HAL_Init
                0x000014d4       0x50 C:\Freescale\KSDK_1.3.0\lib\ksdk_platform_lib\kds\KL46Z4\debug\libksdk_platform.a(fsl_i2c_hal.o)
                0x000014d4                I2C_HAL_Init
 .text.I2C_HAL_SetBaudRate
                0x00001524       0xe0 C:\Freescale\KSDK_1.3.0\lib\ksdk_platform_lib\kds\KL46Z4\debug\libksdk_platform.a(fsl_i2c_hal.o)
                0x00001524                I2C_HAL_SetBaudRate
 .text.I2C_HAL_SendStart
                0x00001604       0x8c C:\Freescale\KSDK_1.3.0\lib\ksdk_platform_lib\kds\KL46Z4\debug\libksdk_platform.a(fsl_i2c_hal.o)
                0x00001604                I2C_HAL_SendStart
 .text.I2C_HAL_SendStop
                0x00001690       0x78 C:\Freescale\KSDK_1.3.0\lib\ksdk_platform_lib\kds\KL46Z4\debug\libksdk_platform.a(fsl_i2c_hal.o)
                0x00001690                I2C_HAL_SendStop
 .text.I2C_HAL_ReadByteBlocking
                0x00001708       0x44 C:\Freescale\KSDK_1.3.0\lib\ksdk_platform_lib\kds\KL46Z4\debug\libksdk_platform.a(fsl_i2c_hal.o)
                0x00001708                I2C_HAL_ReadByteBlocking
 .text.I2C_HAL_WriteByteBlocking
                0x0000174c       0x54 C:\Freescale\KSDK_1.3.0\lib\ksdk_platform_lib\kds\KL46Z4\debug\libksdk_platform.a(fsl_i2c_hal.o)
                0x0000174c                I2C_HAL_WriteByteBlocking
 .text.I2C_HAL_MasterReceiveDataPolling
                0x000017a0      0x19c C:\Freescale\KSDK_1.3.0\lib\ksdk_platform_lib\kds\KL46Z4\debug\libksdk_platform.a(fsl_i2c_hal.o)
                0x000017a0                I2C_HAL_MasterReceiveDataPolling
 .text.I2C_HAL_MasterSendDataPolling
                0x0000193c      0x108 C:\Freescale\KSDK_1.3.0\lib\ksdk_platform_lib\kds\KL46Z4\debug\libksdk_platform.a(fsl_i2c_hal.o)
                0x0000193c                I2C_HAL_MasterSendDataPolling
 .text.GPIO_HAL_SetPinDir
                0x00001a44       0x6c C:\Freescale\KSDK_1.3.0\lib\ksdk_platform_lib\kds\KL46Z4\debug\libksdk_platform.a(fsl_gpio_hal.o)
                0x00001a44                GPIO_HAL_SetPinDir
 .text.__assert_func
                0x00001ab0       0x3c c:/freescale/kds_v3/toolchain/bin/../lib/gcc/arm-none-eabi/4.8.4/../../../../arm-none-eabi/lib/armv6-m\libg_s.a(lib_a-assert.o)
                0x00001ab0                __assert_func
 .text.exit     0x00001aec       0x2c c:/freescale/kds_v3/toolchain/bin/../lib/gcc/arm-none-eabi/4.8.4/../../../../arm-none-eabi/lib/armv6-m\libg_s.a(lib_a-exit.o)
                0x00001aec                exit
 .text.fprintf  0x00001b18       0x24 c:/freescale/kds_v3/toolchain/bin/../lib/gcc/arm-none-eabi/4.8.4/../../../../arm-none-eabi/lib/armv6-m\libg_s.a(lib_a-fprintf.o)
                0x00001b18                fiprintf
                0x00001b18                fprintf
 .text.__libc_init_array
                0x00001b3c       0x4c c:/freescale/kds_v3/toolchain/bin/../lib/gcc/arm-none-eabi/4.8.4/../../../../arm-none-eabi/lib/armv6-m\libg_s.a(lib_a-init.o)
                0x00001b3c                __libc_init_array
 .text.memset   0x00001b88       0x10 c:/freescale/kds_v3/toolchain/bin/../lib/gcc/arm-none-eabi/4.8.4/../../../../arm-none-eabi/lib/armv6-m\libg_s.a(lib_a-memset.o)
                0x00001b88                memset
 .text.sprintf  0x00001b98       0x44 c:/freescale/kds_v3/toolchain/bin/../lib/gcc/arm-none-eabi/4.8.4/../../../../arm-none-eabi/lib/armv6-m\libg_s.a(lib_a-sprintf.o)
                0x00001b98                siprintf
                0x00001b98                sprintf
 .text.strlen   0x00001bdc        0xe c:/freescale/kds_v3/toolchain/bin/../lib/gcc/arm-none-eabi/4.8.4/../../../../arm-none-eabi/lib/armv6-m\libg_s.a(lib_a-strlen.o)
                0x00001bdc                strlen
 *fill*         0x00001bea        0x2 
 .text.__ssputs_r
                0x00001bec       0xc0 c:/freescale/kds_v3/toolchain/bin/../lib/gcc/arm-none-eabi/4.8.4/../../../../arm-none-eabi/lib/armv6-m\libg_s.a(lib_a-svfprintf.o)
                0x00001bec                __ssputs_r
 .text._svfprintf_r
                0x00001cac      0x1e0 c:/freescale/kds_v3/toolchain/bin/../lib/gcc/arm-none-eabi/4.8.4/../../../../arm-none-eabi/lib/armv6-m\libg_s.a(lib_a-svfprintf.o)
                0x00001cac                _svfiprintf_r
                0x00001cac                _svfprintf_r
 .text.__sfputc_r
                0x00001e8c       0x2a c:/freescale/kds_v3/toolchain/bin/../lib/gcc/arm-none-eabi/4.8.4/../../../../arm-none-eabi/lib/armv6-m\libg_s.a(lib_a-vfprintf.o)
 .text.__sfputs_r
                0x00001eb6       0x24 c:/freescale/kds_v3/toolchain/bin/../lib/gcc/arm-none-eabi/4.8.4/../../../../arm-none-eabi/lib/armv6-m\libg_s.a(lib_a-vfprintf.o)
                0x00001eb6                __sfputs_r
 *fill*         0x00001eda        0x2 
 .text._vfprintf_r
                0x00001edc      0x210 c:/freescale/kds_v3/toolchain/bin/../lib/gcc/arm-none-eabi/4.8.4/../../../../arm-none-eabi/lib/armv6-m\libg_s.a(lib_a-vfprintf.o)
                0x00001edc                _vfprintf_r
                0x00001edc                _vfiprintf_r
 .text._printf_common
                0x000020ec       0xe8 c:/freescale/kds_v3/toolchain/bin/../lib/gcc/arm-none-eabi/4.8.4/../../../../arm-none-eabi/lib/armv6-m\libg_s.a(lib_a-vfprintf_i.o)
                0x000020ec                _printf_common
 .text._printf_i
                0x000021d4      0x22c c:/freescale/kds_v3/toolchain/bin/../lib/gcc/arm-none-eabi/4.8.4/../../../../arm-none-eabi/lib/armv6-m\libg_s.a(lib_a-vfprintf_i.o)
                0x000021d4                _printf_i
 .text.__swbuf_r
                0x00002400       0xb0 c:/freescale/kds_v3/toolchain/bin/../lib/gcc/arm-none-eabi/4.8.4/../../../../arm-none-eabi/lib/armv6-m\libg_s.a(lib_a-wbuf.o)
                0x00002400                __swbuf_r
 .text.__swsetup_r
                0x000024b0       0xe4 c:/freescale/kds_v3/toolchain/bin/../lib/gcc/arm-none-eabi/4.8.4/../../../../arm-none-eabi/lib/armv6-m\libg_s.a(lib_a-wsetup.o)
                0x000024b0                __swsetup_r
 .text.abort    0x00002594        0xe c:/freescale/kds_v3/toolchain/bin/../lib/gcc/arm-none-eabi/4.8.4/../../../../arm-none-eabi/lib/armv6-m\libg_s.a(lib_a-abort.o)
                0x00002594                abort
 .text.__sflush_r
                0x000025a2      0x112 c:/freescale/kds_v3/toolchain/bin/../lib/gcc/arm-none-eabi/4.8.4/../../../../arm-none-eabi/lib/armv6-m\libg_s.a(lib_a-fflush.o)
                0x000025a2                __sflush_r
 .text._fflush_r
                0x000026b4       0x58 c:/freescale/kds_v3/toolchain/bin/../lib/gcc/arm-none-eabi/4.8.4/../../../../arm-none-eabi/lib/armv6-m\libg_s.a(lib_a-fflush.o)
                0x000026b4                _fflush_r
 .text._cleanup_r
                0x0000270c       0x34 c:/freescale/kds_v3/toolchain/bin/../lib/gcc/arm-none-eabi/4.8.4/../../../../arm-none-eabi/lib/armv6-m\libg_s.a(lib_a-findfp.o)
                0x0000270c                _cleanup_r
 .text.std.isra.0
                0x00002740       0x48 c:/freescale/kds_v3/toolchain/bin/../lib/gcc/arm-none-eabi/4.8.4/../../../../arm-none-eabi/lib/armv6-m\libg_s.a(lib_a-findfp.o)
 .text.__sfmoreglue
                0x00002788       0x2c c:/freescale/kds_v3/toolchain/bin/../lib/gcc/arm-none-eabi/4.8.4/../../../../arm-none-eabi/lib/armv6-m\libg_s.a(lib_a-findfp.o)
                0x00002788                __sfmoreglue
 .text.__sinit  0x000027b4       0x64 c:/freescale/kds_v3/toolchain/bin/../lib/gcc/arm-none-eabi/4.8.4/../../../../arm-none-eabi/lib/armv6-m\libg_s.a(lib_a-findfp.o)
                0x000027b4                __sinit
 .text.__sfp    0x00002818       0x7c c:/freescale/kds_v3/toolchain/bin/../lib/gcc/arm-none-eabi/4.8.4/../../../../arm-none-eabi/lib/armv6-m\libg_s.a(lib_a-findfp.o)
                0x00002818                __sfp
 .text.__smakebuf_r
                0x00002894       0xa0 c:/freescale/kds_v3/toolchain/bin/../lib/gcc/arm-none-eabi/4.8.4/../../../../arm-none-eabi/lib/armv6-m\libg_s.a(lib_a-makebuf.o)
                0x00002894                __smakebuf_r
 .text.memchr   0x00002934       0x16 c:/freescale/kds_v3/toolchain/bin/../lib/gcc/arm-none-eabi/4.8.4/../../../../arm-none-eabi/lib/armv6-m\libg_s.a(lib_a-memchr-stub.o)
                0x00002934                memchr
 .text.memcpy   0x0000294a       0x12 c:/freescale/kds_v3/toolchain/bin/../lib/gcc/arm-none-eabi/4.8.4/../../../../arm-none-eabi/lib/armv6-m\libg_s.a(lib_a-memcpy-stub.o)
                0x0000294a                memcpy
 .text.memmove  0x0000295c       0x32 c:/freescale/kds_v3/toolchain/bin/../lib/gcc/arm-none-eabi/4.8.4/../../../../arm-none-eabi/lib/armv6-m\libg_s.a(lib_a-memmove.o)
                0x0000295c                memmove
 *fill*         0x0000298e        0x2 
 .text._free_r  0x00002990       0x90 c:/freescale/kds_v3/toolchain/bin/../lib/gcc/arm-none-eabi/4.8.4/../../../../arm-none-eabi/lib/armv6-m\libg_s.a(lib_a-nano-freer.o)
                0x00002990                _free_r
 .text._malloc_r
                0x00002a20       0xa8 c:/freescale/kds_v3/toolchain/bin/../lib/gcc/arm-none-eabi/4.8.4/../../../../arm-none-eabi/lib/armv6-m\libg_s.a(lib_a-nano-mallocr.o)
                0x00002a20                _malloc_r
 .text._realloc_r
                0x00002ac8       0x4c c:/freescale/kds_v3/toolchain/bin/../lib/gcc/arm-none-eabi/4.8.4/../../../../arm-none-eabi/lib/armv6-m\libg_s.a(lib_a-nano-reallocr.o)
                0x00002ac8                _realloc_r
 .text._sbrk_r  0x00002b14       0x24 c:/freescale/kds_v3/toolchain/bin/../lib/gcc/arm-none-eabi/4.8.4/../../../../arm-none-eabi/lib/armv6-m\libg_s.a(lib_a-sbrkr.o)
                0x00002b14                _sbrk_r
 .text._raise_r
                0x00002b38       0x56 c:/freescale/kds_v3/toolchain/bin/../lib/gcc/arm-none-eabi/4.8.4/../../../../arm-none-eabi/lib/armv6-m\libg_s.a(lib_a-signal.o)
                0x00002b38                _raise_r
 *fill*         0x00002b8e        0x2 
 .text.raise    0x00002b90       0x14 c:/freescale/kds_v3/toolchain/bin/../lib/gcc/arm-none-eabi/4.8.4/../../../../arm-none-eabi/lib/armv6-m\libg_s.a(lib_a-signal.o)
                0x00002b90                raise
 .text._kill_r  0x00002ba4       0x24 c:/freescale/kds_v3/toolchain/bin/../lib/gcc/arm-none-eabi/4.8.4/../../../../arm-none-eabi/lib/armv6-m\libg_s.a(lib_a-signalr.o)
                0x00002ba4                _kill_r
 .text._getpid_r
                0x00002bc8        0x8 c:/freescale/kds_v3/toolchain/bin/../lib/gcc/arm-none-eabi/4.8.4/../../../../arm-none-eabi/lib/armv6-m\libg_s.a(lib_a-signalr.o)
                0x00002bc8                _getpid_r
 .text.__sread  0x00002bd0       0x28 c:/freescale/kds_v3/toolchain/bin/../lib/gcc/arm-none-eabi/4.8.4/../../../../arm-none-eabi/lib/armv6-m\libg_s.a(lib_a-stdio.o)
                0x00002bd0                __sread
 .text.__swrite
                0x00002bf8       0x38 c:/freescale/kds_v3/toolchain/bin/../lib/gcc/arm-none-eabi/4.8.4/../../../../arm-none-eabi/lib/armv6-m\libg_s.a(lib_a-stdio.o)
                0x00002bf8                __swrite
 .text.__sseek  0x00002c30       0x2c c:/freescale/kds_v3/toolchain/bin/../lib/gcc/arm-none-eabi/4.8.4/../../../../arm-none-eabi/lib/armv6-m\libg_s.a(lib_a-stdio.o)
                0x00002c30                __sseek
 .text.__sclose
                0x00002c5c        0xc c:/freescale/kds_v3/toolchain/bin/../lib/gcc/arm-none-eabi/4.8.4/../../../../arm-none-eabi/lib/armv6-m\libg_s.a(lib_a-stdio.o)
                0x00002c5c                __sclose
 .text._write_r
                0x00002c68       0x28 c:/freescale/kds_v3/toolchain/bin/../lib/gcc/arm-none-eabi/4.8.4/../../../../arm-none-eabi/lib/armv6-m\libg_s.a(lib_a-writer.o)
                0x00002c68                _write_r
 .text._close_r
                0x00002c90       0x24 c:/freescale/kds_v3/toolchain/bin/../lib/gcc/arm-none-eabi/4.8.4/../../../../arm-none-eabi/lib/armv6-m\libg_s.a(lib_a-closer.o)
                0x00002c90                _close_r
 .text._fstat_r
                0x00002cb4       0x24 c:/freescale/kds_v3/toolchain/bin/../lib/gcc/arm-none-eabi/4.8.4/../../../../arm-none-eabi/lib/armv6-m\libg_s.a(lib_a-fstatr.o)
                0x00002cb4                _fstat_r
 .text._isatty_r
                0x00002cd8       0x24 c:/freescale/kds_v3/toolchain/bin/../lib/gcc/arm-none-eabi/4.8.4/../../../../arm-none-eabi/lib/armv6-m\libg_s.a(lib_a-isattyr.o)
                0x00002cd8                _isatty_r
 .text._lseek_r
                0x00002cfc       0x28 c:/freescale/kds_v3/toolchain/bin/../lib/gcc/arm-none-eabi/4.8.4/../../../../arm-none-eabi/lib/armv6-m\libg_s.a(lib_a-lseekr.o)
                0x00002cfc                _lseek_r
 .text._malloc_usable_size_r
                0x00002d24       0x12 c:/freescale/kds_v3/toolchain/bin/../lib/gcc/arm-none-eabi/4.8.4/../../../../arm-none-eabi/lib/armv6-m\libg_s.a(lib_a-nano-msizer.o)
                0x00002d24                _malloc_usable_size_r
 *fill*         0x00002d36        0x2 
 .text._read_r  0x00002d38       0x28 c:/freescale/kds_v3/toolchain/bin/../lib/gcc/arm-none-eabi/4.8.4/../../../../arm-none-eabi/lib/armv6-m\libg_s.a(lib_a-readr.o)
                0x00002d38                _read_r
 .text._close   0x00002d60       0x10 c:/freescale/kds_v3/toolchain/bin/../lib/gcc/arm-none-eabi/4.8.4/../../../../arm-none-eabi/lib/armv6-m\libnosys.a(close.o)
                0x00002d60                _close
 .text._fstat   0x00002d70       0x10 c:/freescale/kds_v3/toolchain/bin/../lib/gcc/arm-none-eabi/4.8.4/../../../../arm-none-eabi/lib/armv6-m\libnosys.a(fstat.o)
                0x00002d70                _fstat
 .text._getpid  0x00002d80       0x10 c:/freescale/kds_v3/toolchain/bin/../lib/gcc/arm-none-eabi/4.8.4/../../../../arm-none-eabi/lib/armv6-m\libnosys.a(getpid.o)
                0x00002d80                _getpid
 .text._isatty  0x00002d90       0x10 c:/freescale/kds_v3/toolchain/bin/../lib/gcc/arm-none-eabi/4.8.4/../../../../arm-none-eabi/lib/armv6-m\libnosys.a(isatty.o)
                0x00002d90                _isatty
 .text._kill    0x00002da0       0x10 c:/freescale/kds_v3/toolchain/bin/../lib/gcc/arm-none-eabi/4.8.4/../../../../arm-none-eabi/lib/armv6-m\libnosys.a(kill.o)
                0x00002da0                _kill
 .text._lseek   0x00002db0       0x10 c:/freescale/kds_v3/toolchain/bin/../lib/gcc/arm-none-eabi/4.8.4/../../../../arm-none-eabi/lib/armv6-m\libnosys.a(lseek.o)
                0x00002db0                _lseek
 .text._read    0x00002dc0       0x10 c:/freescale/kds_v3/toolchain/bin/../lib/gcc/arm-none-eabi/4.8.4/../../../../arm-none-eabi/lib/armv6-m\libnosys.a(read.o)
                0x00002dc0                _read
 .text._sbrk    0x00002dd0       0x34 c:/freescale/kds_v3/toolchain/bin/../lib/gcc/arm-none-eabi/4.8.4/../../../../arm-none-eabi/lib/armv6-m\libnosys.a(sbrk.o)
                0x00002dd0                _sbrk
 .text._write   0x00002e04       0x10 c:/freescale/kds_v3/toolchain/bin/../lib/gcc/arm-none-eabi/4.8.4/../../../../arm-none-eabi/lib/armv6-m\libnosys.a(write.o)
                0x00002e04                _write
 .text._exit    0x00002e14        0x4 c:/freescale/kds_v3/toolchain/bin/../lib/gcc/arm-none-eabi/4.8.4/../../../../arm-none-eabi/lib/armv6-m\libnosys.a(_exit.o)
                0x00002e14                _exit
 *(.rodata)
 .rodata        0x00002e18       0x88 ./board/src/board.o
 .rodata        0x00002ea0       0x84 ./Sources/main.o
 .rodata        0x00002f24       0x58 C:\Freescale\KSDK_1.3.0\lib\ksdk_platform_lib\kds\KL46Z4\debug\libksdk_platform.a(fsl_i2c_hal.o)
 .rodata        0x00002f7c       0x4c C:\Freescale\KSDK_1.3.0\lib\ksdk_platform_lib\kds\KL46Z4\debug\libksdk_platform.a(fsl_gpio_hal.o)
 *(.rodata*)
 .rodata.__func__.5137
                0x00002fc8       0x14 ./board/src/board.o
 .rodata.__func__.5131
                0x00002fdc       0x18 ./board/src/board.o
 .rodata.__func__.5161
                0x00002ff4       0x14 ./board/src/board.o
 .rodata.__func__.5239
                0x00003008       0x18 ./board/src/board.o
 .rodata.__func__.6673
                0x00003020       0x20 ./Sources/main.o
 .rodata.__func__.6691
                0x00003040       0x14 ./Sources/main.o
 .rodata.__func__.6657
                0x00003054       0x14 ./Sources/main.o
 .rodata.__func__.6701
                0x00003068       0x18 ./Sources/main.o
 .rodata.kI2CDividerTable
                0x00003080       0xc8 C:\Freescale\KSDK_1.3.0\lib\ksdk_platform_lib\kds\KL46Z4\debug\libksdk_platform.a(fsl_i2c_hal.o)
                0x00003080                kI2CDividerTable
 .rodata.__func__.5233
                0x00003148       0x14 C:\Freescale\KSDK_1.3.0\lib\ksdk_platform_lib\kds\KL46Z4\debug\libksdk_platform.a(fsl_i2c_hal.o)
 .rodata.__func__.5102
                0x0000315c       0x14 C:\Freescale\KSDK_1.3.0\lib\ksdk_platform_lib\kds\KL46Z4\debug\libksdk_platform.a(fsl_gpio_hal.o)
 .rodata.str1.1
                0x00003170       0x3c c:/freescale/kds_v3/toolchain/bin/../lib/gcc/arm-none-eabi/4.8.4/../../../../arm-none-eabi/lib/armv6-m\libg_s.a(lib_a-assert.o)
                                 0x3d (size before relaxing)
 .rodata.str1.1
                0x000031ac        0x2 c:/freescale/kds_v3/toolchain/bin/../lib/gcc/arm-none-eabi/4.8.4/../../../../arm-none-eabi/lib/armv6-m\libg_s.a(lib_a-impure.o)
 *fill*         0x000031ae        0x2 
 .rodata._global_impure_ptr
                0x000031b0        0x4 c:/freescale/kds_v3/toolchain/bin/../lib/gcc/arm-none-eabi/4.8.4/../../../../arm-none-eabi/lib/armv6-m\libg_s.a(lib_a-impure.o)
                0x000031b0                _global_impure_ptr
 .rodata.str1.1
                0x000031b4       0x11 c:/freescale/kds_v3/toolchain/bin/../lib/gcc/arm-none-eabi/4.8.4/../../../../arm-none-eabi/lib/armv6-m\libg_s.a(lib_a-svfprintf.o)
 .rodata.str1.1
                0x00000000       0x11 c:/freescale/kds_v3/toolchain/bin/../lib/gcc/arm-none-eabi/4.8.4/../../../../arm-none-eabi/lib/armv6-m\libg_s.a(lib_a-vfprintf.o)
 .rodata.str1.1
                0x000031c5       0x22 c:/freescale/kds_v3/toolchain/bin/../lib/gcc/arm-none-eabi/4.8.4/../../../../arm-none-eabi/lib/armv6-m\libg_s.a(lib_a-vfprintf_i.o)
 *fill*         0x000031e7        0x1 
 .rodata.__sf_fake_stdin
                0x000031e8       0x20 c:/freescale/kds_v3/toolchain/bin/../lib/gcc/arm-none-eabi/4.8.4/../../../../arm-none-eabi/lib/armv6-m\libg_s.a(lib_a-findfp.o)
                0x000031e8                __sf_fake_stdin
 .rodata.__sf_fake_stdout
                0x00003208       0x20 c:/freescale/kds_v3/toolchain/bin/../lib/gcc/arm-none-eabi/4.8.4/../../../../arm-none-eabi/lib/armv6-m\libg_s.a(lib_a-findfp.o)
                0x00003208                __sf_fake_stdout
 .rodata.__sf_fake_stderr
                0x00003228       0x20 c:/freescale/kds_v3/toolchain/bin/../lib/gcc/arm-none-eabi/4.8.4/../../../../arm-none-eabi/lib/armv6-m\libg_s.a(lib_a-findfp.o)
                0x00003228                __sf_fake_stderr
 *(.glue_7)
 .glue_7        0x00000000        0x0 linker stubs
 *(.glue_7t)
 .glue_7t       0x00000000        0x0 linker stubs
 *(.eh_frame)
 .eh_frame      0x00003248        0x0 c:/freescale/kds_v3/toolchain/bin/../lib/gcc/arm-none-eabi/4.8.4/armv6-m/crtbegin.o
 *(.init)
 .init          0x00003248        0x4 c:/freescale/kds_v3/toolchain/bin/../lib/gcc/arm-none-eabi/4.8.4/armv6-m/crti.o
                0x00003248                _init
 .init          0x0000324c        0x8 c:/freescale/kds_v3/toolchain/bin/../lib/gcc/arm-none-eabi/4.8.4/armv6-m/crtn.o
 *(.fini)
 .fini          0x00003254        0x4 c:/freescale/kds_v3/toolchain/bin/../lib/gcc/arm-none-eabi/4.8.4/armv6-m/crti.o
                0x00003254                _fini
 .fini          0x00003258        0x8 c:/freescale/kds_v3/toolchain/bin/../lib/gcc/arm-none-eabi/4.8.4/armv6-m/crtn.o
                0x00003260                . = ALIGN (0x4)

.vfp11_veneer   0x00003260        0x0
 .vfp11_veneer  0x00000000        0x0 linker stubs

.v4_bx          0x00003260        0x0
 .v4_bx         0x00000000        0x0 linker stubs

.iplt           0x00003260        0x0
 .iplt          0x00000000        0x0 c:/freescale/kds_v3/toolchain/bin/../lib/gcc/arm-none-eabi/4.8.4/armv6-m/crtbegin.o

.ARM.extab
 *(.ARM.extab* .gnu.linkonce.armextab.*)

.ARM            0x00003260        0x8
                0x00003260                __exidx_start = .
 *(.ARM.exidx*)
 .ARM.exidx     0x00003260        0x8 c:/freescale/kds_v3/toolchain/bin/../lib/gcc/arm-none-eabi/4.8.4/../../../../arm-none-eabi/lib/armv6-m/crt0.o
                0x00003268                __exidx_end = .

.rel.dyn        0x00003268        0x0
 .rel.iplt      0x00000000        0x0 c:/freescale/kds_v3/toolchain/bin/../lib/gcc/arm-none-eabi/4.8.4/armv6-m/crtbegin.o

.ctors          0x00003268        0x0
                0x00003268                __CTOR_LIST__ = .
 *crtbegin.o(.ctors)
 *crtbegin?.o(.ctors)
 *(EXCLUDE_FILE(*crtend.o *crtend?.o) .ctors)
 *(SORT(.ctors.*))
 *(.ctors)
                0x00003268                __CTOR_END__ = .

.dtors          0x00003268        0x0
                0x00003268                __DTOR_LIST__ = .
 *crtbegin.o(.dtors)
 *crtbegin?.o(.dtors)
 *(EXCLUDE_FILE(*crtend.o *crtend?.o) .dtors)
 *(SORT(.dtors.*))
 *(.dtors)
                0x00003268                __DTOR_END__ = .

.preinit_array  0x00003268        0x0
                0x00003268                PROVIDE (__preinit_array_start, .)
 *(.preinit_array*)
                0x00003268                PROVIDE (__preinit_array_end, .)

.init_array     0x00003268        0x4
                0x00003268                PROVIDE (__init_array_start, .)
 *(SORT(.init_array.*))
 *(.init_array*)
 .init_array    0x00003268        0x4 c:/freescale/kds_v3/toolchain/bin/../lib/gcc/arm-none-eabi/4.8.4/armv6-m/crtbegin.o
                0x0000326c                PROVIDE (__init_array_end, .)

.fini_array     0x0000326c        0x4
                0x0000326c                PROVIDE (__fini_array_start, .)
 *(SORT(.fini_array.*))
 *(.fini_array*)
 .fini_array    0x0000326c        0x4 c:/freescale/kds_v3/toolchain/bin/../lib/gcc/arm-none-eabi/4.8.4/armv6-m/crtbegin.o
                0x00003270                PROVIDE (__fini_array_end, .)
                0x00003270                __etext = .
                0x00003270                __DATA_ROM = .

.mtb            0x1fffe000        0x0
                0x1fffe000                . = ALIGN (0x8)
                0x1fffe000                _mtb_start = .
 *(.mtb_buf)
                0x1fffe000                . = ALIGN (0x8)
                0x1fffe000                _mtb_end = .

.interrupts_ram
                0x1fffe000        0x0
                0x1fffe000                . = ALIGN (0x4)
                0x1fffe000                __VECTOR_RAM__ = .
                0x1fffe000                __interrupts_ram_start__ = .
 *(.m_interrupts_ram)
                0x1fffe000                . = (. + M_VECTOR_RAM_SIZE)
                0x1fffe000                . = ALIGN (0x4)
                0x1fffe000                __interrupts_ram_end__ = .
                0x00000000                __VECTOR_RAM = DEFINED (__ram_vector_table__)?__VECTOR_RAM__:ORIGIN (m_interrupts)
                0x00000000                __RAM_VECTOR_TABLE_SIZE_BYTES = DEFINED (__ram_vector_table__)?(__interrupts_ram_end__ - __interrupts_ram_start__):0x0

.data           0x1fffe000       0x70 load address 0x00003270
                0x1fffe000                . = ALIGN (0x4)
                0x1fffe000                __DATA_RAM = .
                0x1fffe000                __data_start__ = .
 *(.data)
 *(.data*)
 .data.choice   0x1fffe000        0x4 ./Sources/main.o
                0x1fffe000                choice
 .data.SystemCoreClock
                0x1fffe004        0x4 ./Project_Settings/Startup_Code/system_MKL46Z4.o
                0x1fffe004                SystemCoreClock
 .data.impure_data
                0x1fffe008       0x60 c:/freescale/kds_v3/toolchain/bin/../lib/gcc/arm-none-eabi/4.8.4/../../../../arm-none-eabi/lib/armv6-m\libg_s.a(lib_a-impure.o)
 .data._impure_ptr
                0x1fffe068        0x4 c:/freescale/kds_v3/toolchain/bin/../lib/gcc/arm-none-eabi/4.8.4/../../../../arm-none-eabi/lib/armv6-m\libg_s.a(lib_a-impure.o)
                0x1fffe068                _impure_ptr
 *(.jcr*)
 .jcr           0x1fffe06c        0x0 c:/freescale/kds_v3/toolchain/bin/../lib/gcc/arm-none-eabi/4.8.4/armv6-m/crtbegin.o
 .jcr           0x1fffe06c        0x4 c:/freescale/kds_v3/toolchain/bin/../lib/gcc/arm-none-eabi/4.8.4/armv6-m/crtend.o
                0x1fffe070                . = ALIGN (0x4)
                0x1fffe070                __data_end__ = .
                0x000032e0                __DATA_END = (__DATA_ROM + (__data_end__ - __data_start__))
                0x00040000                text_end = (ORIGIN (m_text) + 0x3fbf0)
                0x00000001                ASSERT ((__DATA_END <= text_end), region m_text overflowed with text and data)

.igot.plt       0x1fffe070        0x0 load address 0x000032e0
 .igot.plt      0x00000000        0x0 c:/freescale/kds_v3/toolchain/bin/../lib/gcc/arm-none-eabi/4.8.4/armv6-m/crtbegin.o

.bss            0x1fffe070       0x30 load address 0x000032e0
                0x1fffe070                . = ALIGN (0x4)
                0x1fffe070                __START_BSS = .
                0x1fffe070                __bss_start__ = .
 *(.bss)
 .bss           0x1fffe070       0x1c c:/freescale/kds_v3/toolchain/bin/../lib/gcc/arm-none-eabi/4.8.4/armv6-m/crtbegin.o
 *(.bss*)
 .bss.TEST_ACC  0x1fffe08c        0x2 ./Sources/main.o
                0x1fffe08c                TEST_ACC
 *fill*         0x1fffe08e        0x2 
 .bss.__malloc_sbrk_start
                0x1fffe090        0x4 c:/freescale/kds_v3/toolchain/bin/../lib/gcc/arm-none-eabi/4.8.4/../../../../arm-none-eabi/lib/armv6-m\libg_s.a(lib_a-nano-mallocr.o)
                0x1fffe090                __malloc_sbrk_start
 .bss.__malloc_free_list
                0x1fffe094        0x4 c:/freescale/kds_v3/toolchain/bin/../lib/gcc/arm-none-eabi/4.8.4/../../../../arm-none-eabi/lib/armv6-m\libg_s.a(lib_a-nano-mallocr.o)
                0x1fffe094                __malloc_free_list
 .bss.heap_end.4246
                0x1fffe098        0x4 c:/freescale/kds_v3/toolchain/bin/../lib/gcc/arm-none-eabi/4.8.4/../../../../arm-none-eabi/lib/armv6-m\libnosys.a(sbrk.o)
 *(COMMON)
 COMMON         0x1fffe09c        0x4 c:/freescale/kds_v3/toolchain/bin/../lib/gcc/arm-none-eabi/4.8.4/../../../../arm-none-eabi/lib/armv6-m\libg_s.a(lib_a-reent.o)
                0x1fffe09c                errno
                0x1fffe0a0                . = ALIGN (0x4)
                0x1fffe0a0                __bss_end__ = .
                0x1fffe0a0                __END_BSS = .

.heap           0x1fffe0a0      0x400 load address 0x00003310
                0x1fffe0a0                . = ALIGN (0x8)
                0x1fffe0a0                __end__ = .
                0x1fffe0a0                PROVIDE (end, .)
                0x1fffe0a0                __HeapBase = .
                0x1fffe4a0                . = (. + HEAP_SIZE)
 *fill*         0x1fffe0a0      0x400 
                0x1fffe4a0                __HeapLimit = .

.stack          0x1fffe4a0      0x400 load address 0x00003710
                0x1fffe4a0                . = ALIGN (0x8)
                0x1fffe8a0                . = (. + STACK_SIZE)
 *fill*         0x1fffe4a0      0x400 
                0x20006000                __StackTop = (ORIGIN (m_data) + 0x8000)
                0x20005c00                __StackLimit = (__StackTop - STACK_SIZE)
                0x20006000                PROVIDE (__stack, __StackTop)

.ARM.attributes
                0x00000000       0x28
 *(.ARM.attributes)
 .ARM.attributes
                0x00000000       0x1e c:/freescale/kds_v3/toolchain/bin/../lib/gcc/arm-none-eabi/4.8.4/armv6-m/crti.o
 .ARM.attributes
                0x0000001e       0x2c c:/freescale/kds_v3/toolchain/bin/../lib/gcc/arm-none-eabi/4.8.4/armv6-m/crtbegin.o
 .ARM.attributes
                0x0000004a       0x1b c:/freescale/kds_v3/toolchain/bin/../lib/gcc/arm-none-eabi/4.8.4/../../../../arm-none-eabi/lib/armv6-m/crt0.o
 .ARM.attributes
                0x00000065       0x32 ./board/src/board.o
 .ARM.attributes
                0x00000097       0x32 ./board/src/mma8451.o
 .ARM.attributes
                0x000000c9       0x32 ./Sources/main.o
 .ARM.attributes
                0x000000fb       0x32 ./Project_Settings/Startup_Code/startup.o
 .ARM.attributes
                0x0000012d       0x1b ./Project_Settings/Startup_Code/startup_MKL46Z4.o
 .ARM.attributes
                0x00000148       0x32 ./Project_Settings/Startup_Code/system_MKL46Z4.o
 .ARM.attributes
                0x0000017a       0x32 C:\Freescale\KSDK_1.3.0\lib\ksdk_platform_lib\kds\KL46Z4\debug\libksdk_platform.a(fsl_lpsci_hal.o)
 .ARM.attributes
                0x000001ac       0x32 C:\Freescale\KSDK_1.3.0\lib\ksdk_platform_lib\kds\KL46Z4\debug\libksdk_platform.a(fsl_i2c_hal.o)
 .ARM.attributes
                0x000001de       0x32 C:\Freescale\KSDK_1.3.0\lib\ksdk_platform_lib\kds\KL46Z4\debug\libksdk_platform.a(fsl_gpio_hal.o)
 .ARM.attributes
                0x00000210       0x1e c:/freescale/kds_v3/toolchain/bin/../lib/gcc/arm-none-eabi/4.8.4/armv6-m\libgcc.a(_udivsi3.o)
 .ARM.attributes
                0x0000022e       0x1e c:/freescale/kds_v3/toolchain/bin/../lib/gcc/arm-none-eabi/4.8.4/armv6-m\libgcc.a(_dvmd_tls.o)
 .ARM.attributes
                0x0000024c       0x2c c:/freescale/kds_v3/toolchain/bin/../lib/gcc/arm-none-eabi/4.8.4/../../../../arm-none-eabi/lib/armv6-m\libg_s.a(lib_a-assert.o)
 .ARM.attributes
                0x00000278       0x2c c:/freescale/kds_v3/toolchain/bin/../lib/gcc/arm-none-eabi/4.8.4/../../../../arm-none-eabi/lib/armv6-m\libg_s.a(lib_a-exit.o)
 .ARM.attributes
                0x000002a4       0x2c c:/freescale/kds_v3/toolchain/bin/../lib/gcc/arm-none-eabi/4.8.4/../../../../arm-none-eabi/lib/armv6-m\libg_s.a(lib_a-fprintf.o)
 .ARM.attributes
                0x000002d0       0x2c c:/freescale/kds_v3/toolchain/bin/../lib/gcc/arm-none-eabi/4.8.4/../../../../arm-none-eabi/lib/armv6-m\libg_s.a(lib_a-impure.o)
 .ARM.attributes
                0x000002fc       0x2c c:/freescale/kds_v3/toolchain/bin/../lib/gcc/arm-none-eabi/4.8.4/../../../../arm-none-eabi/lib/armv6-m\libg_s.a(lib_a-init.o)
 .ARM.attributes
                0x00000328       0x2c c:/freescale/kds_v3/toolchain/bin/../lib/gcc/arm-none-eabi/4.8.4/../../../../arm-none-eabi/lib/armv6-m\libg_s.a(lib_a-memset.o)
 .ARM.attributes
                0x00000354       0x2c c:/freescale/kds_v3/toolchain/bin/../lib/gcc/arm-none-eabi/4.8.4/../../../../arm-none-eabi/lib/armv6-m\libg_s.a(lib_a-sprintf.o)
 .ARM.attributes
                0x00000380       0x2c c:/freescale/kds_v3/toolchain/bin/../lib/gcc/arm-none-eabi/4.8.4/../../../../arm-none-eabi/lib/armv6-m\libg_s.a(lib_a-strlen.o)
 .ARM.attributes
                0x000003ac       0x2c c:/freescale/kds_v3/toolchain/bin/../lib/gcc/arm-none-eabi/4.8.4/../../../../arm-none-eabi/lib/armv6-m\libg_s.a(lib_a-svfprintf.o)
 .ARM.attributes
                0x000003d8       0x2c c:/freescale/kds_v3/toolchain/bin/../lib/gcc/arm-none-eabi/4.8.4/../../../../arm-none-eabi/lib/armv6-m\libg_s.a(lib_a-vfprintf.o)
 .ARM.attributes
                0x00000404       0x2c c:/freescale/kds_v3/toolchain/bin/../lib/gcc/arm-none-eabi/4.8.4/../../../../arm-none-eabi/lib/armv6-m\libg_s.a(lib_a-vfprintf_i.o)
 .ARM.attributes
                0x00000430       0x2c c:/freescale/kds_v3/toolchain/bin/../lib/gcc/arm-none-eabi/4.8.4/../../../../arm-none-eabi/lib/armv6-m\libg_s.a(lib_a-wbuf.o)
 .ARM.attributes
                0x0000045c       0x2c c:/freescale/kds_v3/toolchain/bin/../lib/gcc/arm-none-eabi/4.8.4/../../../../arm-none-eabi/lib/armv6-m\libg_s.a(lib_a-wsetup.o)
 .ARM.attributes
                0x00000488       0x2c c:/freescale/kds_v3/toolchain/bin/../lib/gcc/arm-none-eabi/4.8.4/../../../../arm-none-eabi/lib/armv6-m\libg_s.a(lib_a-abort.o)
 .ARM.attributes
                0x000004b4       0x2c c:/freescale/kds_v3/toolchain/bin/../lib/gcc/arm-none-eabi/4.8.4/../../../../arm-none-eabi/lib/armv6-m\libg_s.a(lib_a-fflush.o)
 .ARM.attributes
                0x000004e0       0x2c c:/freescale/kds_v3/toolchain/bin/../lib/gcc/arm-none-eabi/4.8.4/../../../../arm-none-eabi/lib/armv6-m\libg_s.a(lib_a-findfp.o)
 .ARM.attributes
                0x0000050c       0x2c c:/freescale/kds_v3/toolchain/bin/../lib/gcc/arm-none-eabi/4.8.4/../../../../arm-none-eabi/lib/armv6-m\libg_s.a(lib_a-makebuf.o)
 .ARM.attributes
                0x00000538       0x2c c:/freescale/kds_v3/toolchain/bin/../lib/gcc/arm-none-eabi/4.8.4/../../../../arm-none-eabi/lib/armv6-m\libg_s.a(lib_a-memchr-stub.o)
 .ARM.attributes
                0x00000564       0x2c c:/freescale/kds_v3/toolchain/bin/../lib/gcc/arm-none-eabi/4.8.4/../../../../arm-none-eabi/lib/armv6-m\libg_s.a(lib_a-memcpy-stub.o)
 .ARM.attributes
                0x00000590       0x2c c:/freescale/kds_v3/toolchain/bin/../lib/gcc/arm-none-eabi/4.8.4/../../../../arm-none-eabi/lib/armv6-m\libg_s.a(lib_a-memmove.o)
 .ARM.attributes
                0x000005bc       0x2c c:/freescale/kds_v3/toolchain/bin/../lib/gcc/arm-none-eabi/4.8.4/../../../../arm-none-eabi/lib/armv6-m\libg_s.a(lib_a-nano-freer.o)
 .ARM.attributes
                0x000005e8       0x2c c:/freescale/kds_v3/toolchain/bin/../lib/gcc/arm-none-eabi/4.8.4/../../../../arm-none-eabi/lib/armv6-m\libg_s.a(lib_a-nano-mallocr.o)
 .ARM.attributes
                0x00000614       0x2c c:/freescale/kds_v3/toolchain/bin/../lib/gcc/arm-none-eabi/4.8.4/../../../../arm-none-eabi/lib/armv6-m\libg_s.a(lib_a-nano-reallocr.o)
 .ARM.attributes
                0x00000640       0x2c c:/freescale/kds_v3/toolchain/bin/../lib/gcc/arm-none-eabi/4.8.4/../../../../arm-none-eabi/lib/armv6-m\libg_s.a(lib_a-sbrkr.o)
 .ARM.attributes
                0x0000066c       0x2c c:/freescale/kds_v3/toolchain/bin/../lib/gcc/arm-none-eabi/4.8.4/../../../../arm-none-eabi/lib/armv6-m\libg_s.a(lib_a-signal.o)
 .ARM.attributes
                0x00000698       0x2c c:/freescale/kds_v3/toolchain/bin/../lib/gcc/arm-none-eabi/4.8.4/../../../../arm-none-eabi/lib/armv6-m\libg_s.a(lib_a-signalr.o)
 .ARM.attributes
                0x000006c4       0x2c c:/freescale/kds_v3/toolchain/bin/../lib/gcc/arm-none-eabi/4.8.4/../../../../arm-none-eabi/lib/armv6-m\libg_s.a(lib_a-stdio.o)
 .ARM.attributes
                0x000006f0       0x2c c:/freescale/kds_v3/toolchain/bin/../lib/gcc/arm-none-eabi/4.8.4/../../../../arm-none-eabi/lib/armv6-m\libg_s.a(lib_a-writer.o)
 .ARM.attributes
                0x0000071c       0x2c c:/freescale/kds_v3/toolchain/bin/../lib/gcc/arm-none-eabi/4.8.4/../../../../arm-none-eabi/lib/armv6-m\libg_s.a(lib_a-closer.o)
 .ARM.attributes
                0x00000748       0x2c c:/freescale/kds_v3/toolchain/bin/../lib/gcc/arm-none-eabi/4.8.4/../../../../arm-none-eabi/lib/armv6-m\libg_s.a(lib_a-fstatr.o)
 .ARM.attributes
                0x00000774       0x2c c:/freescale/kds_v3/toolchain/bin/../lib/gcc/arm-none-eabi/4.8.4/../../../../arm-none-eabi/lib/armv6-m\libg_s.a(lib_a-isattyr.o)
 .ARM.attributes
                0x000007a0       0x2c c:/freescale/kds_v3/toolchain/bin/../lib/gcc/arm-none-eabi/4.8.4/../../../../arm-none-eabi/lib/armv6-m\libg_s.a(lib_a-lseekr.o)
 .ARM.attributes
                0x000007cc       0x2c c:/freescale/kds_v3/toolchain/bin/../lib/gcc/arm-none-eabi/4.8.4/../../../../arm-none-eabi/lib/armv6-m\libg_s.a(lib_a-nano-msizer.o)
 .ARM.attributes
                0x000007f8       0x2c c:/freescale/kds_v3/toolchain/bin/../lib/gcc/arm-none-eabi/4.8.4/../../../../arm-none-eabi/lib/armv6-m\libg_s.a(lib_a-readr.o)
 .ARM.attributes
                0x00000824       0x2c c:/freescale/kds_v3/toolchain/bin/../lib/gcc/arm-none-eabi/4.8.4/../../../../arm-none-eabi/lib/armv6-m\libg_s.a(lib_a-reent.o)
 .ARM.attributes
                0x00000850       0x2c c:/freescale/kds_v3/toolchain/bin/../lib/gcc/arm-none-eabi/4.8.4/../../../../arm-none-eabi/lib/armv6-m\libnosys.a(close.o)
 .ARM.attributes
                0x0000087c       0x2c c:/freescale/kds_v3/toolchain/bin/../lib/gcc/arm-none-eabi/4.8.4/../../../../arm-none-eabi/lib/armv6-m\libnosys.a(fstat.o)
 .ARM.attributes
                0x000008a8       0x2c c:/freescale/kds_v3/toolchain/bin/../lib/gcc/arm-none-eabi/4.8.4/../../../../arm-none-eabi/lib/armv6-m\libnosys.a(getpid.o)
 .ARM.attributes
                0x000008d4       0x2c c:/freescale/kds_v3/toolchain/bin/../lib/gcc/arm-none-eabi/4.8.4/../../../../arm-none-eabi/lib/armv6-m\libnosys.a(isatty.o)
 .ARM.attributes
                0x00000900       0x2c c:/freescale/kds_v3/toolchain/bin/../lib/gcc/arm-none-eabi/4.8.4/../../../../arm-none-eabi/lib/armv6-m\libnosys.a(kill.o)
 .ARM.attributes
                0x0000092c       0x2c c:/freescale/kds_v3/toolchain/bin/../lib/gcc/arm-none-eabi/4.8.4/../../../../arm-none-eabi/lib/armv6-m\libnosys.a(lseek.o)
 .ARM.attributes
                0x00000958       0x2c c:/freescale/kds_v3/toolchain/bin/../lib/gcc/arm-none-eabi/4.8.4/../../../../arm-none-eabi/lib/armv6-m\libnosys.a(read.o)
 .ARM.attributes
                0x00000984       0x2c c:/freescale/kds_v3/toolchain/bin/../lib/gcc/arm-none-eabi/4.8.4/../../../../arm-none-eabi/lib/armv6-m\libnosys.a(sbrk.o)
 .ARM.attributes
                0x000009b0       0x2c c:/freescale/kds_v3/toolchain/bin/../lib/gcc/arm-none-eabi/4.8.4/../../../../arm-none-eabi/lib/armv6-m\libnosys.a(write.o)
 .ARM.attributes
                0x000009dc       0x2c c:/freescale/kds_v3/toolchain/bin/../lib/gcc/arm-none-eabi/4.8.4/../../../../arm-none-eabi/lib/armv6-m\libnosys.a(_exit.o)
 .ARM.attributes
                0x00000a08       0x2c c:/freescale/kds_v3/toolchain/bin/../lib/gcc/arm-none-eabi/4.8.4/armv6-m/crtend.o
 .ARM.attributes
                0x00000a34       0x1e c:/freescale/kds_v3/toolchain/bin/../lib/gcc/arm-none-eabi/4.8.4/armv6-m/crtn.o
                0x00000001                ASSERT ((__StackLimit >= __HeapLimit), region m_data overflowed with stack and heap)
OUTPUT(SD2_I2C.elf elf32-littlearm)

.debug_info     0x00000000     0x3644
 .debug_info    0x00000000      0xb8e ./board/src/board.o
 .debug_info    0x00000b8e      0x287 ./board/src/mma8451.o
 .debug_info    0x00000e15      0xba1 ./Sources/main.o
 .debug_info    0x000019b6      0x296 ./Project_Settings/Startup_Code/startup.o
 .debug_info    0x00001c4c       0x9b ./Project_Settings/Startup_Code/startup_MKL46Z4.o
 .debug_info    0x00001ce7      0x3f5 ./Project_Settings/Startup_Code/system_MKL46Z4.o
 .debug_info    0x000020dc      0x917 C:\Freescale\KSDK_1.3.0\lib\ksdk_platform_lib\kds\KL46Z4\debug\libksdk_platform.a(fsl_lpsci_hal.o)
 .debug_info    0x000029f3      0x97b C:\Freescale\KSDK_1.3.0\lib\ksdk_platform_lib\kds\KL46Z4\debug\libksdk_platform.a(fsl_i2c_hal.o)
 .debug_info    0x0000336e      0x2d6 C:\Freescale\KSDK_1.3.0\lib\ksdk_platform_lib\kds\KL46Z4\debug\libksdk_platform.a(fsl_gpio_hal.o)

.debug_abbrev   0x00000000      0xcc9
 .debug_abbrev  0x00000000      0x20d ./board/src/board.o
 .debug_abbrev  0x0000020d      0x140 ./board/src/mma8451.o
 .debug_abbrev  0x0000034d      0x20f ./Sources/main.o
 .debug_abbrev  0x0000055c       0xe9 ./Project_Settings/Startup_Code/startup.o
 .debug_abbrev  0x00000645       0x14 ./Project_Settings/Startup_Code/startup_MKL46Z4.o
 .debug_abbrev  0x00000659      0x109 ./Project_Settings/Startup_Code/system_MKL46Z4.o
 .debug_abbrev  0x00000762      0x20e C:\Freescale\KSDK_1.3.0\lib\ksdk_platform_lib\kds\KL46Z4\debug\libksdk_platform.a(fsl_lpsci_hal.o)
 .debug_abbrev  0x00000970      0x241 C:\Freescale\KSDK_1.3.0\lib\ksdk_platform_lib\kds\KL46Z4\debug\libksdk_platform.a(fsl_i2c_hal.o)
 .debug_abbrev  0x00000bb1      0x118 C:\Freescale\KSDK_1.3.0\lib\ksdk_platform_lib\kds\KL46Z4\debug\libksdk_platform.a(fsl_gpio_hal.o)

.debug_aranges  0x00000000      0x3f8
 .debug_aranges
                0x00000000       0xc0 ./board/src/board.o
 .debug_aranges
                0x000000c0       0x50 ./board/src/mma8451.o
 .debug_aranges
                0x00000110       0xa0 ./Sources/main.o
 .debug_aranges
                0x000001b0       0x20 ./Project_Settings/Startup_Code/startup.o
 .debug_aranges
                0x000001d0       0x20 ./Project_Settings/Startup_Code/startup_MKL46Z4.o
 .debug_aranges
                0x000001f0       0x28 ./Project_Settings/Startup_Code/system_MKL46Z4.o
 .debug_aranges
                0x00000218       0xc8 C:\Freescale\KSDK_1.3.0\lib\ksdk_platform_lib\kds\KL46Z4\debug\libksdk_platform.a(fsl_lpsci_hal.o)
 .debug_aranges
                0x000002e0       0xe0 C:\Freescale\KSDK_1.3.0\lib\ksdk_platform_lib\kds\KL46Z4\debug\libksdk_platform.a(fsl_i2c_hal.o)
 .debug_aranges
                0x000003c0       0x38 C:\Freescale\KSDK_1.3.0\lib\ksdk_platform_lib\kds\KL46Z4\debug\libksdk_platform.a(fsl_gpio_hal.o)

.debug_ranges   0x00000000      0x358
 .debug_ranges  0x00000000       0xb0 ./board/src/board.o
 .debug_ranges  0x000000b0       0x40 ./board/src/mma8451.o
 .debug_ranges  0x000000f0       0x90 ./Sources/main.o
 .debug_ranges  0x00000180       0x10 ./Project_Settings/Startup_Code/startup.o
 .debug_ranges  0x00000190       0x18 ./Project_Settings/Startup_Code/system_MKL46Z4.o
 .debug_ranges  0x000001a8       0xb8 C:\Freescale\KSDK_1.3.0\lib\ksdk_platform_lib\kds\KL46Z4\debug\libksdk_platform.a(fsl_lpsci_hal.o)
 .debug_ranges  0x00000260       0xd0 C:\Freescale\KSDK_1.3.0\lib\ksdk_platform_lib\kds\KL46Z4\debug\libksdk_platform.a(fsl_i2c_hal.o)
 .debug_ranges  0x00000330       0x28 C:\Freescale\KSDK_1.3.0\lib\ksdk_platform_lib\kds\KL46Z4\debug\libksdk_platform.a(fsl_gpio_hal.o)

.debug_macro    0x00000000    0x1d771
 .debug_macro   0x00000000      0x2b8 ./board/src/board.o
 .debug_macro   0x000002b8      0x808 ./board/src/board.o
 .debug_macro   0x00000ac0       0x16 ./board/src/board.o
 .debug_macro   0x00000ad6       0x16 ./board/src/board.o
 .debug_macro   0x00000aec       0x44 ./board/src/board.o
 .debug_macro   0x00000b30      0x209 ./board/src/board.o
 .debug_macro   0x00000d39       0x3a ./board/src/board.o
 .debug_macro   0x00000d73       0x3a ./board/src/board.o
 .debug_macro   0x00000dad       0x26 ./board/src/board.o
 .debug_macro   0x00000dd3      0x306 ./board/src/board.o
 .debug_macro   0x000010d9       0x6b ./board/src/board.o
 .debug_macro   0x00001144     0xd1e1 ./board/src/board.o
 .debug_macro   0x0000e325       0x22 ./board/src/board.o
 .debug_macro   0x0000e347       0x58 ./board/src/board.o
 .debug_macro   0x0000e39f       0x35 ./board/src/board.o
 .debug_macro   0x0000e3d4       0xa3 ./board/src/board.o
 .debug_macro   0x0000e477       0x16 ./board/src/board.o
 .debug_macro   0x0000e48d       0x22 ./board/src/board.o
 .debug_macro   0x0000e4af       0x11 ./board/src/board.o
 .debug_macro   0x0000e4c0       0x16 ./board/src/board.o
 .debug_macro   0x0000e4d6      0x10e ./board/src/board.o
 .debug_macro   0x0000e5e4       0x7f ./board/src/board.o
 .debug_macro   0x0000e663       0x52 ./board/src/board.o
 .debug_macro   0x0000e6b5       0x16 ./board/src/board.o
 .debug_macro   0x0000e6cb       0x43 ./board/src/board.o
 .debug_macro   0x0000e70e      0x180 ./board/src/board.o
 .debug_macro   0x0000e88e       0x22 ./board/src/board.o
 .debug_macro   0x0000e8b0       0x7c ./board/src/board.o
 .debug_macro   0x0000e92c     0xcfd0 ./board/src/board.o
 .debug_macro   0x0001b8fc     0x1177 ./board/src/board.o
 .debug_macro   0x0001ca73       0x10 ./board/src/board.o
 .debug_macro   0x0001ca83       0x11 ./board/src/board.o
 .debug_macro   0x0001ca94       0x10 ./board/src/board.o
 .debug_macro   0x0001caa4      0x184 ./board/src/mma8451.o
 .debug_macro   0x0001cc28       0x4c ./board/src/mma8451.o
 .debug_macro   0x0001cc74      0x2c8 ./Sources/main.o
 .debug_macro   0x0001cf3c       0x10 ./Sources/main.o
 .debug_macro   0x0001cf4c       0x1c ./Sources/main.o
 .debug_macro   0x0001cf68       0x35 ./Sources/main.o
 .debug_macro   0x0001cf9d       0x10 ./Sources/main.o
 .debug_macro   0x0001cfad       0x10 ./Sources/main.o
 .debug_macro   0x0001cfbd       0x22 ./Sources/main.o
 .debug_macro   0x0001cfdf       0xbd ./Sources/main.o
 .debug_macro   0x0001d09c       0x16 ./Sources/main.o
 .debug_macro   0x0001d0b2      0x14a ./Sources/main.o
 .debug_macro   0x0001d1fc      0x2a6 ./Sources/main.o
 .debug_macro   0x0001d4a2       0x10 ./Sources/main.o
 .debug_macro   0x0001d4b2      0x167 ./Project_Settings/Startup_Code/startup.o
 .debug_macro   0x0001d619      0x158 ./Project_Settings/Startup_Code/system_MKL46Z4.o

.debug_line     0x00000000     0x226b
 .debug_line    0x00000000      0x69a ./board/src/board.o
 .debug_line    0x0000069a      0x413 ./board/src/mma8451.o
 .debug_line    0x00000aad      0x6f8 ./Sources/main.o
 .debug_line    0x000011a5      0x34b ./Project_Settings/Startup_Code/startup.o
 .debug_line    0x000014f0       0x6c ./Project_Settings/Startup_Code/startup_MKL46Z4.o
 .debug_line    0x0000155c      0x36c ./Project_Settings/Startup_Code/system_MKL46Z4.o
 .debug_line    0x000018c8      0x3d0 C:\Freescale\KSDK_1.3.0\lib\ksdk_platform_lib\kds\KL46Z4\debug\libksdk_platform.a(fsl_lpsci_hal.o)
 .debug_line    0x00001c98      0x456 C:\Freescale\KSDK_1.3.0\lib\ksdk_platform_lib\kds\KL46Z4\debug\libksdk_platform.a(fsl_i2c_hal.o)
 .debug_line    0x000020ee      0x17d C:\Freescale\KSDK_1.3.0\lib\ksdk_platform_lib\kds\KL46Z4\debug\libksdk_platform.a(fsl_gpio_hal.o)

.debug_str      0x00000000   0x1153ac
 .debug_str     0x00000000   0x1124f3 ./board/src/board.o
                             0x112a5e (size before relaxing)
 .debug_str     0x001124f3       0xa3 ./board/src/mma8451.o
                             0x111fd6 (size before relaxing)
 .debug_str     0x00112596     0x1ed3 ./Sources/main.o
                             0x114339 (size before relaxing)
 .debug_str     0x00114469      0x12f ./Project_Settings/Startup_Code/startup.o
                             0x111f6e (size before relaxing)
 .debug_str     0x00114598       0x7f ./Project_Settings/Startup_Code/system_MKL46Z4.o
                             0x111fb5 (size before relaxing)
 .debug_str     0x00114617      0x6f7 C:\Freescale\KSDK_1.3.0\lib\ksdk_platform_lib\kds\KL46Z4\debug\libksdk_platform.a(fsl_lpsci_hal.o)
                                0xa11 (size before relaxing)
 .debug_str     0x00114d0e      0x60d C:\Freescale\KSDK_1.3.0\lib\ksdk_platform_lib\kds\KL46Z4\debug\libksdk_platform.a(fsl_i2c_hal.o)
                                0x870 (size before relaxing)
 .debug_str     0x0011531b       0x91 C:\Freescale\KSDK_1.3.0\lib\ksdk_platform_lib\kds\KL46Z4\debug\libksdk_platform.a(fsl_gpio_hal.o)
                                0x304 (size before relaxing)

.comment        0x00000000       0x70
 .comment       0x00000000       0x70 ./board/src/board.o
                                 0x71 (size before relaxing)
 .comment       0x00000000       0x71 ./board/src/mma8451.o
 .comment       0x00000000       0x71 ./Sources/main.o
 .comment       0x00000000       0x71 ./Project_Settings/Startup_Code/startup.o
 .comment       0x00000000       0x71 ./Project_Settings/Startup_Code/system_MKL46Z4.o
 .comment       0x00000000       0x71 C:\Freescale\KSDK_1.3.0\lib\ksdk_platform_lib\kds\KL46Z4\debug\libksdk_platform.a(fsl_lpsci_hal.o)
 .comment       0x00000000       0x71 C:\Freescale\KSDK_1.3.0\lib\ksdk_platform_lib\kds\KL46Z4\debug\libksdk_platform.a(fsl_i2c_hal.o)
 .comment       0x00000000       0x71 C:\Freescale\KSDK_1.3.0\lib\ksdk_platform_lib\kds\KL46Z4\debug\libksdk_platform.a(fsl_gpio_hal.o)

.debug_frame    0x00000000     0x17ac
 .debug_frame   0x00000000      0x28c ./board/src/board.o
 .debug_frame   0x0000028c       0xec ./board/src/mma8451.o
 .debug_frame   0x00000378      0x224 ./Sources/main.o
 .debug_frame   0x0000059c       0x30 ./Project_Settings/Startup_Code/startup.o
 .debug_frame   0x000005cc       0x4c ./Project_Settings/Startup_Code/system_MKL46Z4.o
 .debug_frame   0x00000618      0x2d0 C:\Freescale\KSDK_1.3.0\lib\ksdk_platform_lib\kds\KL46Z4\debug\libksdk_platform.a(fsl_lpsci_hal.o)
 .debug_frame   0x000008e8      0x330 C:\Freescale\KSDK_1.3.0\lib\ksdk_platform_lib\kds\KL46Z4\debug\libksdk_platform.a(fsl_i2c_hal.o)
 .debug_frame   0x00000c18       0x90 C:\Freescale\KSDK_1.3.0\lib\ksdk_platform_lib\kds\KL46Z4\debug\libksdk_platform.a(fsl_gpio_hal.o)
 .debug_frame   0x00000ca8       0x20 c:/freescale/kds_v3/toolchain/bin/../lib/gcc/arm-none-eabi/4.8.4/armv6-m\libgcc.a(_udivsi3.o)
 .debug_frame   0x00000cc8       0x4c c:/freescale/kds_v3/toolchain/bin/../lib/gcc/arm-none-eabi/4.8.4/../../../../arm-none-eabi/lib/armv6-m\libg_s.a(lib_a-assert.o)
 .debug_frame   0x00000d14       0x28 c:/freescale/kds_v3/toolchain/bin/../lib/gcc/arm-none-eabi/4.8.4/../../../../arm-none-eabi/lib/armv6-m\libg_s.a(lib_a-exit.o)
 .debug_frame   0x00000d3c       0x4c c:/freescale/kds_v3/toolchain/bin/../lib/gcc/arm-none-eabi/4.8.4/../../../../arm-none-eabi/lib/armv6-m\libg_s.a(lib_a-fprintf.o)
 .debug_frame   0x00000d88       0x2c c:/freescale/kds_v3/toolchain/bin/../lib/gcc/arm-none-eabi/4.8.4/../../../../arm-none-eabi/lib/armv6-m\libg_s.a(lib_a-init.o)
 .debug_frame   0x00000db4       0x20 c:/freescale/kds_v3/toolchain/bin/../lib/gcc/arm-none-eabi/4.8.4/../../../../arm-none-eabi/lib/armv6-m\libg_s.a(lib_a-memset.o)
 .debug_frame   0x00000dd4       0x4c c:/freescale/kds_v3/toolchain/bin/../lib/gcc/arm-none-eabi/4.8.4/../../../../arm-none-eabi/lib/armv6-m\libg_s.a(lib_a-sprintf.o)
 .debug_frame   0x00000e20       0x20 c:/freescale/kds_v3/toolchain/bin/../lib/gcc/arm-none-eabi/4.8.4/../../../../arm-none-eabi/lib/armv6-m\libg_s.a(lib_a-strlen.o)
 .debug_frame   0x00000e40       0x74 c:/freescale/kds_v3/toolchain/bin/../lib/gcc/arm-none-eabi/4.8.4/../../../../arm-none-eabi/lib/armv6-m\libg_s.a(lib_a-svfprintf.o)
 .debug_frame   0x00000eb4       0xa0 c:/freescale/kds_v3/toolchain/bin/../lib/gcc/arm-none-eabi/4.8.4/../../../../arm-none-eabi/lib/armv6-m\libg_s.a(lib_a-vfprintf.o)
 .debug_frame   0x00000f54       0x54 c:/freescale/kds_v3/toolchain/bin/../lib/gcc/arm-none-eabi/4.8.4/../../../../arm-none-eabi/lib/armv6-m\libg_s.a(lib_a-vfprintf_i.o)
 .debug_frame   0x00000fa8       0x44 c:/freescale/kds_v3/toolchain/bin/../lib/gcc/arm-none-eabi/4.8.4/../../../../arm-none-eabi/lib/armv6-m\libg_s.a(lib_a-wbuf.o)
 .debug_frame   0x00000fec       0x2c c:/freescale/kds_v3/toolchain/bin/../lib/gcc/arm-none-eabi/4.8.4/../../../../arm-none-eabi/lib/armv6-m\libg_s.a(lib_a-wsetup.o)
 .debug_frame   0x00001018       0x28 c:/freescale/kds_v3/toolchain/bin/../lib/gcc/arm-none-eabi/4.8.4/../../../../arm-none-eabi/lib/armv6-m\libg_s.a(lib_a-abort.o)
 .debug_frame   0x00001040       0x68 c:/freescale/kds_v3/toolchain/bin/../lib/gcc/arm-none-eabi/4.8.4/../../../../arm-none-eabi/lib/armv6-m\libg_s.a(lib_a-fflush.o)
 .debug_frame   0x000010a8      0x148 c:/freescale/kds_v3/toolchain/bin/../lib/gcc/arm-none-eabi/4.8.4/../../../../arm-none-eabi/lib/armv6-m\libg_s.a(lib_a-findfp.o)
 .debug_frame   0x000011f0       0x30 c:/freescale/kds_v3/toolchain/bin/../lib/gcc/arm-none-eabi/4.8.4/../../../../arm-none-eabi/lib/armv6-m\libg_s.a(lib_a-makebuf.o)
 .debug_frame   0x00001220       0x20 c:/freescale/kds_v3/toolchain/bin/../lib/gcc/arm-none-eabi/4.8.4/../../../../arm-none-eabi/lib/armv6-m\libg_s.a(lib_a-memchr-stub.o)
 .debug_frame   0x00001240       0x28 c:/freescale/kds_v3/toolchain/bin/../lib/gcc/arm-none-eabi/4.8.4/../../../../arm-none-eabi/lib/armv6-m\libg_s.a(lib_a-memcpy-stub.o)
 .debug_frame   0x00001268       0x2c c:/freescale/kds_v3/toolchain/bin/../lib/gcc/arm-none-eabi/4.8.4/../../../../arm-none-eabi/lib/armv6-m\libg_s.a(lib_a-memmove.o)
 .debug_frame   0x00001294       0x2c c:/freescale/kds_v3/toolchain/bin/../lib/gcc/arm-none-eabi/4.8.4/../../../../arm-none-eabi/lib/armv6-m\libg_s.a(lib_a-nano-freer.o)
 .debug_frame   0x000012c0       0x2c c:/freescale/kds_v3/toolchain/bin/../lib/gcc/arm-none-eabi/4.8.4/../../../../arm-none-eabi/lib/armv6-m\libg_s.a(lib_a-nano-mallocr.o)
 .debug_frame   0x000012ec       0x30 c:/freescale/kds_v3/toolchain/bin/../lib/gcc/arm-none-eabi/4.8.4/../../../../arm-none-eabi/lib/armv6-m\libg_s.a(lib_a-nano-reallocr.o)
 .debug_frame   0x0000131c       0x2c c:/freescale/kds_v3/toolchain/bin/../lib/gcc/arm-none-eabi/4.8.4/../../../../arm-none-eabi/lib/armv6-m\libg_s.a(lib_a-sbrkr.o)
 .debug_frame   0x00001348       0xe0 c:/freescale/kds_v3/toolchain/bin/../lib/gcc/arm-none-eabi/4.8.4/../../../../arm-none-eabi/lib/armv6-m\libg_s.a(lib_a-signal.o)
 .debug_frame   0x00001428       0x44 c:/freescale/kds_v3/toolchain/bin/../lib/gcc/arm-none-eabi/4.8.4/../../../../arm-none-eabi/lib/armv6-m\libg_s.a(lib_a-signalr.o)
 .debug_frame   0x0000146c       0x90 c:/freescale/kds_v3/toolchain/bin/../lib/gcc/arm-none-eabi/4.8.4/../../../../arm-none-eabi/lib/armv6-m\libg_s.a(lib_a-stdio.o)
 .debug_frame   0x000014fc       0x2c c:/freescale/kds_v3/toolchain/bin/../lib/gcc/arm-none-eabi/4.8.4/../../../../arm-none-eabi/lib/armv6-m\libg_s.a(lib_a-writer.o)
 .debug_frame   0x00001528       0x2c c:/freescale/kds_v3/toolchain/bin/../lib/gcc/arm-none-eabi/4.8.4/../../../../arm-none-eabi/lib/armv6-m\libg_s.a(lib_a-closer.o)
 .debug_frame   0x00001554       0x2c c:/freescale/kds_v3/toolchain/bin/../lib/gcc/arm-none-eabi/4.8.4/../../../../arm-none-eabi/lib/armv6-m\libg_s.a(lib_a-fstatr.o)
 .debug_frame   0x00001580       0x2c c:/freescale/kds_v3/toolchain/bin/../lib/gcc/arm-none-eabi/4.8.4/../../../../arm-none-eabi/lib/armv6-m\libg_s.a(lib_a-isattyr.o)
 .debug_frame   0x000015ac       0x2c c:/freescale/kds_v3/toolchain/bin/../lib/gcc/arm-none-eabi/4.8.4/../../../../arm-none-eabi/lib/armv6-m\libg_s.a(lib_a-lseekr.o)
 .debug_frame   0x000015d8       0x20 c:/freescale/kds_v3/toolchain/bin/../lib/gcc/arm-none-eabi/4.8.4/../../../../arm-none-eabi/lib/armv6-m\libg_s.a(lib_a-nano-msizer.o)
 .debug_frame   0x000015f8       0x2c c:/freescale/kds_v3/toolchain/bin/../lib/gcc/arm-none-eabi/4.8.4/../../../../arm-none-eabi/lib/armv6-m\libg_s.a(lib_a-readr.o)
 .debug_frame   0x00001624       0x48 c:/freescale/kds_v3/toolchain/bin/../lib/gcc/arm-none-eabi/4.8.4/../../../../arm-none-eabi/lib/armv6-m\libg_s.a(lib_a-reent.o)
 .debug_frame   0x0000166c       0x20 c:/freescale/kds_v3/toolchain/bin/../lib/gcc/arm-none-eabi/4.8.4/../../../../arm-none-eabi/lib/armv6-m\libnosys.a(close.o)
 .debug_frame   0x0000168c       0x20 c:/freescale/kds_v3/toolchain/bin/../lib/gcc/arm-none-eabi/4.8.4/../../../../arm-none-eabi/lib/armv6-m\libnosys.a(fstat.o)
 .debug_frame   0x000016ac       0x20 c:/freescale/kds_v3/toolchain/bin/../lib/gcc/arm-none-eabi/4.8.4/../../../../arm-none-eabi/lib/armv6-m\libnosys.a(getpid.o)
 .debug_frame   0x000016cc       0x20 c:/freescale/kds_v3/toolchain/bin/../lib/gcc/arm-none-eabi/4.8.4/../../../../arm-none-eabi/lib/armv6-m\libnosys.a(isatty.o)
 .debug_frame   0x000016ec       0x20 c:/freescale/kds_v3/toolchain/bin/../lib/gcc/arm-none-eabi/4.8.4/../../../../arm-none-eabi/lib/armv6-m\libnosys.a(kill.o)
 .debug_frame   0x0000170c       0x20 c:/freescale/kds_v3/toolchain/bin/../lib/gcc/arm-none-eabi/4.8.4/../../../../arm-none-eabi/lib/armv6-m\libnosys.a(lseek.o)
 .debug_frame   0x0000172c       0x20 c:/freescale/kds_v3/toolchain/bin/../lib/gcc/arm-none-eabi/4.8.4/../../../../arm-none-eabi/lib/armv6-m\libnosys.a(read.o)
 .debug_frame   0x0000174c       0x20 c:/freescale/kds_v3/toolchain/bin/../lib/gcc/arm-none-eabi/4.8.4/../../../../arm-none-eabi/lib/armv6-m\libnosys.a(sbrk.o)
 .debug_frame   0x0000176c       0x20 c:/freescale/kds_v3/toolchain/bin/../lib/gcc/arm-none-eabi/4.8.4/../../../../arm-none-eabi/lib/armv6-m\libnosys.a(write.o)
 .debug_frame   0x0000178c       0x20 c:/freescale/kds_v3/toolchain/bin/../lib/gcc/arm-none-eabi/4.8.4/../../../../arm-none-eabi/lib/armv6-m\libnosys.a(_exit.o)

.stab           0x00000000       0xcc
 .stab          0x00000000       0x24 c:/freescale/kds_v3/toolchain/bin/../lib/gcc/arm-none-eabi/4.8.4/../../../../arm-none-eabi/lib/armv6-m\libnosys.a(close.o)
 .stab          0x00000024       0x18 c:/freescale/kds_v3/toolchain/bin/../lib/gcc/arm-none-eabi/4.8.4/../../../../arm-none-eabi/lib/armv6-m\libnosys.a(fstat.o)
                                 0x24 (size before relaxing)
 .stab          0x0000003c       0x18 c:/freescale/kds_v3/toolchain/bin/../lib/gcc/arm-none-eabi/4.8.4/../../../../arm-none-eabi/lib/armv6-m\libnosys.a(getpid.o)
                                 0x24 (size before relaxing)
 .stab          0x00000054       0x18 c:/freescale/kds_v3/toolchain/bin/../lib/gcc/arm-none-eabi/4.8.4/../../../../arm-none-eabi/lib/armv6-m\libnosys.a(isatty.o)
                                 0x24 (size before relaxing)
 .stab          0x0000006c       0x18 c:/freescale/kds_v3/toolchain/bin/../lib/gcc/arm-none-eabi/4.8.4/../../../../arm-none-eabi/lib/armv6-m\libnosys.a(kill.o)
                                 0x24 (size before relaxing)
 .stab          0x00000084       0x18 c:/freescale/kds_v3/toolchain/bin/../lib/gcc/arm-none-eabi/4.8.4/../../../../arm-none-eabi/lib/armv6-m\libnosys.a(lseek.o)
                                 0x24 (size before relaxing)
 .stab          0x0000009c       0x18 c:/freescale/kds_v3/toolchain/bin/../lib/gcc/arm-none-eabi/4.8.4/../../../../arm-none-eabi/lib/armv6-m\libnosys.a(read.o)
                                 0x24 (size before relaxing)
 .stab          0x000000b4       0x18 c:/freescale/kds_v3/toolchain/bin/../lib/gcc/arm-none-eabi/4.8.4/../../../../arm-none-eabi/lib/armv6-m\libnosys.a(write.o)
                                 0x24 (size before relaxing)

.stabstr        0x00000000      0x1b9
 .stabstr       0x00000000      0x1b9 c:/freescale/kds_v3/toolchain/bin/../lib/gcc/arm-none-eabi/4.8.4/../../../../arm-none-eabi/lib/armv6-m\libnosys.a(close.o)
